// Jest Snapshot v1, https://goo.gl/fbAQLP

exports[`About Test should render and match snapshot 1`] = `
<DocumentFragment>
  <div>
    <div
      class="nav"
    >
      <div
        class="h-full flex justify-between items-center px-3 lg:px-20"
      >
        <div
          class="flex"
        >
          <a
            href="/"
          >
             
            <img
              alt="home"
              src="header-logo.png"
            />
          </a>
        </div>
        <div
          class="links hidden md:flex justify-between basis-3/5"
        >
          <a
            class="block"
            href="/"
          >
             Home 
          </a>
          <a
            class="block"
            href="/about"
          >
             About Us 
          </a>
          <a
            class="block"
            href="/use-cases"
          >
             Use cases 
          </a>
          <a
            class="block"
            href="/contact"
          >
             Contact 
          </a>
          <a
            class="block"
            href="/how-it-works"
          >
             How it work 
          </a>
        </div>
        <div
          class="create hidden md:flex"
        >
          <a
            class="btn px-10 py-3"
            href="/podcast/upload"
          >
            Create Video
          </a>
        </div>
        <button
          class="md:hidden"
        >
          <img
            alt="home"
            src="menu-icon.png"
          />
        </button>
      </div>
    </div>
    <div
      class="about"
    >
      <div
        class="about_child"
      >
        <div
          class="about_hero"
        >
          <div
            class="about_hero_image"
          />
          <div
            class="about_hero_text"
          >
            <h3>
              About Us
            </h3>
          </div>
          <div
            class="about_mission_section1"
          >
            <h3>
              OUR MISSION
            </h3>
            <p>
              Voxclips is the product of an ideation-to-implementation project that was created to provide a solution for podcasters who struggle to make any waves doing what they love
            </p>
          </div>
          jj
        </div>
        <div
          class="about_main_content"
        >
          <div
            class="about_mission"
          >
            <div
              class="about_mission_section2"
            >
              <div
                class="mission_grid"
              >
                <div
                  class="mission_grid_box"
                >
                  <p>
                    Our mission is to redefine how Nigerians interact with podcast titles. We have identified podcasts as a great tool for education, so that is why we have created a platform that enables podcasters to get creative with how they market their titles.
                  </p>
                </div>
                <div
                  class="mission_grid_box"
                >
                  <p>
                    Our ultimate goal is to get more people listening to amazing podcast titles that they will find educational, informative, and worthwhile.
                  </p>
                </div>
                <div
                  class="mission_grid_box"
                >
                  <p>
                    We are giving every podcaster a chance to own their marketing game.
                  </p>
                </div>
              </div>
              <div
                class="mission_grid"
              >
                <div
                  class="mission_grid_box"
                >
                  <img
                    alt=""
                    src="tick-circle.png"
                  />
                  <p>
                    Audio to animated video
                  </p>
                </div>
                <div
                  class="mission_grid_box"
                >
                  <img
                    alt=""
                    src="tick-circle.png"
                  />
                  <p>
                    Variety of characters available
                  </p>
                </div>
                <div
                  class="mission_grid_box"
                >
                  <img
                    alt=""
                    src="tick-circle.png"
                  />
                  <p>
                    Variety of scenes available
                  </p>
                </div>
                <div
                  class="mission_grid_box"
                >
                  <img
                    alt=""
                    src="tick-circle.png"
                  />
                  <p>
                    Sync video and audio
                  </p>
                </div>
              </div>
            </div>
          </div>
          <div
            class="about_values"
          >
            <div
              class="about_values_heading"
            >
              <h3>
                OUR VALUES
              </h3>
              <h2>
                Voxclips users should have podcasting superpowers
              </h2>
              <p>
                Our internal and external values as a company are summarised in our CLUTCH acronym; these are our fundamental guiding principles in interacting with our project, and the people who we have provided a solution for.
              </p>
            </div>
            <div
              class="values_grid_section"
            >
              <div
                class="values_grid"
              >
                <img
                  alt=""
                  src="like.png"
                />
                <h3>
                  C - Concern
                </h3>
                <p>
                  Concern for podcasters and creating innovation to enable more creatives to grow; this drives us to continually improve our product.
                </p>
              </div>
              <div
                class="values_grid"
              >
                <img
                  alt=""
                  src="unlimited.png"
                />
                <h3>
                  L – Long-term view
                </h3>
                <p>
                  We have identified our ultimate goal to be long-term and we are working with creatives on their journey to educate the world a little bit better.
                </p>
              </div>
              <div
                class="values_grid"
              >
                <img
                  alt=""
                  src="people.png"
                />
                <h3>
                  U – Unity
                </h3>
                <p>
                  We prioritise unity internally to ensure that we are always in the right frame to tackle bigger adventures related to our project.
                </p>
              </div>
              <div
                class="values_grid"
              >
                <img
                  alt=""
                  src="people.png"
                />
                <h3>
                  T – Teamwork
                </h3>
                <p>
                  We value teamwork and we continually work as a tight-knit team to deliver even better solutions to the problem we are solving.
                </p>
              </div>
              <div
                class="values_grid"
              >
                <img
                  alt=""
                  src="lamp-charge.png"
                />
                <h3>
                  C – Creating
                </h3>
                <p>
                  Creating a liberal platform that encourages every contributor's feedback and opinion (including our customers) on how to improve our product.
                </p>
              </div>
              <div
                class="values_grid"
              >
                <img
                  alt=""
                  src="lovely.png"
                />
                <h3>
                  H – Helping
                </h3>
                <p>
                  Helping to democratize how people find podcasts on the web.
                </p>
              </div>
            </div>
          </div>
          <div
            class="about_story"
          >
            <div
              class="about_story_section"
            >
              <div
                class="story_grid"
              >
                <h3>
                  OUR STORY
                </h3>
                <p>
                  Voxclips was developed by team Clutch—a team of skilled learners who were part of the HNG internship (9th cohort), under the guidance of the renowned technopreneur, Mark Essien.
                </p>
              </div>
              <div
                class="story_grid"
              >
                <h5>
                  The problem that Voxclips is solving is one that we have identified to be an itch-on-the-back problem for creatives with great content who struggle to thrive in the podcast industry.
                </h5>
                <h5>
                   We were provided an incubation platform by the HNG organising team where we prioritised learning, and worked together as a team in an agile framework that not only saw us scaling different tasks, but also working to help one another become better.
                </h5>
              </div>
            </div>
          </div>
          <div
            class="about_team"
          >
            <div
              class="about_team_section1"
            >
              <div
                class="team_grid"
              >
                <h3>
                  MEET THE TEAM
                </h3>
                <p>
                  Working at Voxclip means surrounding yourself with smart passionate people, striving to build the best podcasting tool in the world.
                </p>
              </div>
              <div
                class="team_grid"
              >
                <h5>
                  At Voxclip we value trust, teamwork, and bringing engament and visibilty to help podcasters create visual content out of their audio recordings.
                </h5>
              </div>
            </div>
            <div
              class="about_team_section2"
            >
              <div
                class="about_team_tabs"
              >
                <div
                  class="about_team_tab"
                  tabindex="0"
                >
                  <p>
                    Management
                  </p>
                  <div
                    class="about_team_slider"
                    id="first_slider"
                  >
                    <div
                      class="swiper-container swiper-container-initialized swiper-container-horizontal"
                      modules="[object Object],[object Object]"
                      style="--swiper-navigation-size: 25px;"
                    >
                      <div
                        class="swiper-button-prev"
                      />
                      <div
                        class="swiper-button-next"
                      />
                      <div
                        class="swiper-wrapper"
                        style="transition-duration: 0ms; transform: translate3d(NaNpx, 0px, 0px);"
                      >
                        <div
                          class="swiper-slide about_team_slide swiper-slide-duplicate swiper-slide-duplicate-active"
                          data-swiper-slide-index="5"
                        >
                          <img
                            alt=""
                            src="Frame 57.png"
                          />
                          <h3>
                            Chidera Udegbunam
                          </h3>
                          <p>
                            Product Manager
                          </p>
                        </div>
                        <div
                          class="swiper-slide about_team_slide swiper-slide-duplicate"
                          data-swiper-slide-index="6"
                        >
                          <img
                            alt=""
                            src="Frame 58.png"
                          />
                          <h3>
                            Opeyemi Obikoya
                          </h3>
                          <p>
                            Product Manager
                          </p>
                        </div>
                        <div
                          class="swiper-slide about_team_slide swiper-slide-duplicate"
                          data-swiper-slide-index="7"
                        >
                          <img
                            alt=""
                            src="Frame 59.png"
                          />
                          <h3>
                            Faustina Ngozi
                          </h3>
                          <p>
                            Product Manager
                          </p>
                        </div>
                        <div
                          class="swiper-slide about_team_slide swiper-slide-duplicate"
                          data-swiper-slide-index="8"
                        >
                          <img
                            alt=""
                            src="Frame 60.png"
                          />
                          <h3>
                            Munirah
                          </h3>
                          <p>
                            Product Manager
                          </p>
                        </div>
                        <div
                          class="swiper-slide about_team_slide swiper-slide-duplicate"
                          data-swiper-slide-index="9"
                        >
                          <img
                            alt=""
                            src="Frame 61.png"
                          />
                          <h3>
                            Cherem Yvonne
                          </h3>
                          <p>
                            Product Manager
                          </p>
                        </div>
                        <div
                          class="swiper-slide about_team_slide"
                          data-swiper-slide-index="0"
                        >
                          <img
                            alt=""
                            src="m1.png"
                          />
                          <h3>
                            Lawal Oluwaseun
                          </h3>
                          <p>
                            Product Manager
                          </p>
                        </div>
                        <div
                          class="swiper-slide about_team_slide"
                          data-swiper-slide-index="1"
                        >
                          <img
                            alt=""
                            src="Frame 53.png"
                          />
                          <h3>
                            Chukwuebuka Okoroafor
                          </h3>
                          <p>
                            Product Manager
                          </p>
                        </div>
                        <div
                          class="swiper-slide about_team_slide"
                          data-swiper-slide-index="2"
                        >
                          <img
                            alt=""
                            src="Frame 49.png"
                          />
                          <h3>
                            Abdulsamad Arowosaiye
                          </h3>
                          <p>
                            Product Manager
                          </p>
                        </div>
                        <div
                          class="swiper-slide about_team_slide"
                          data-swiper-slide-index="3"
                        >
                          <img
                            alt=""
                            src="Frame 50.png"
                          />
                          <h3>
                            Edoro Kodi
                          </h3>
                          <p>
                            Product Manager
                          </p>
                        </div>
                        <div
                          class="swiper-slide about_team_slide"
                          data-swiper-slide-index="4"
                        >
                          <img
                            alt=""
                            src="Frame 51.png"
                          />
                          <h3>
                            Zekinat Akinwande
                          </h3>
                          <p>
                            Product Manager
                          </p>
                        </div>
                        <div
                          class="swiper-slide about_team_slide"
                          data-swiper-slide-index="5"
                        >
                          <img
                            alt=""
                            src="Frame 57.png"
                          />
                          <h3>
                            Chidera Udegbunam
                          </h3>
                          <p>
                            Product Manager
                          </p>
                        </div>
                        <div
                          class="swiper-slide about_team_slide"
                          data-swiper-slide-index="6"
                        >
                          <img
                            alt=""
                            src="Frame 58.png"
                          />
                          <h3>
                            Opeyemi Obikoya
                          </h3>
                          <p>
                            Product Manager
                          </p>
                        </div>
                        <div
                          class="swiper-slide about_team_slide"
                          data-swiper-slide-index="7"
                        >
                          <img
                            alt=""
                            src="Frame 59.png"
                          />
                          <h3>
                            Faustina Ngozi
                          </h3>
                          <p>
                            Product Manager
                          </p>
                        </div>
                        <div
                          class="swiper-slide about_team_slide"
                          data-swiper-slide-index="8"
                        >
                          <img
                            alt=""
                            src="Frame 60.png"
                          />
                          <h3>
                            Munirah
                          </h3>
                          <p>
                            Product Manager
                          </p>
                        </div>
                        <div
                          class="swiper-slide about_team_slide"
                          data-swiper-slide-index="9"
                        >
                          <img
                            alt=""
                            src="Frame 61.png"
                          />
                          <h3>
                            Cherem Yvonne
                          </h3>
                          <p>
                            Product Manager
                          </p>
                        </div>
                        <div
                          class="swiper-slide about_team_slide swiper-slide-duplicate"
                          data-swiper-slide-index="0"
                        >
                          <img
                            alt=""
                            src="m1.png"
                          />
                          <h3>
                            Lawal Oluwaseun
                          </h3>
                          <p>
                            Product Manager
                          </p>
                        </div>
                        <div
                          class="swiper-slide about_team_slide swiper-slide-duplicate"
                          data-swiper-slide-index="1"
                        >
                          <img
                            alt=""
                            src="Frame 53.png"
                          />
                          <h3>
                            Chukwuebuka Okoroafor
                          </h3>
                          <p>
                            Product Manager
                          </p>
                        </div>
                        <div
                          class="swiper-slide about_team_slide swiper-slide-duplicate"
                          data-swiper-slide-index="2"
                        >
                          <img
                            alt=""
                            src="Frame 49.png"
                          />
                          <h3>
                            Abdulsamad Arowosaiye
                          </h3>
                          <p>
                            Product Manager
                          </p>
                        </div>
                        <div
                          class="swiper-slide about_team_slide swiper-slide-duplicate"
                          data-swiper-slide-index="3"
                        >
                          <img
                            alt=""
                            src="Frame 50.png"
                          />
                          <h3>
                            Edoro Kodi
                          </h3>
                          <p>
                            Product Manager
                          </p>
                        </div>
                        <div
                          class="swiper-slide about_team_slide swiper-slide-duplicate"
                          data-swiper-slide-index="4"
                        >
                          <img
                            alt=""
                            src="Frame 51.png"
                          />
                          <h3>
                            Zekinat Akinwande
                          </h3>
                          <p>
                            Product Manager
                          </p>
                        </div>
                      </div>
                    </div>
                  </div>
                  <div
                    class="about_team_slider"
                    id="swiper_small_screen"
                  >
                    <div
                      class="swiper-container swiper-container-initialized swiper-container-horizontal"
                      modules="[object Object],[object Object]"
                      style="--swiper-navigation-size: 25px;"
                    >
                      <div
                        class="swiper-button-prev"
                      />
                      <div
                        class="swiper-button-next"
                      />
                      <div
                        class="swiper-wrapper"
                        style="transition-duration: 0ms; transform: translate3d(NaNpx, 0px, 0px);"
                      >
                        <div
                          class="swiper-slide about_team_slide swiper-slide-duplicate"
                          data-swiper-slide-index="9"
                        >
                          <img
                            alt=""
                            src="Frame 61.png"
                          />
                          <h3>
                            Cherem Yvonne
                          </h3>
                          <p>
                            Product Manager
                          </p>
                        </div>
                        <div
                          class="swiper-slide about_team_slide"
                          data-swiper-slide-index="0"
                        >
                          <img
                            alt=""
                            src="m1.png"
                          />
                          <h3>
                            Lawal Oluwaseun
                          </h3>
                          <p>
                            Product Manager
                          </p>
                        </div>
                        <div
                          class="swiper-slide about_team_slide"
                          data-swiper-slide-index="1"
                        >
                          <img
                            alt=""
                            src="Frame 53.png"
                          />
                          <h3>
                            Chukwuebuka Okoroafor
                          </h3>
                          <p>
                            Product Manager
                          </p>
                        </div>
                        <div
                          class="swiper-slide about_team_slide"
                          data-swiper-slide-index="2"
                        >
                          <img
                            alt=""
                            src="Frame 49.png"
                          />
                          <h3>
                            Abdulsamad Arowosaiye
                          </h3>
                          <p>
                            Product Manager
                          </p>
                        </div>
                        <div
                          class="swiper-slide about_team_slide"
                          data-swiper-slide-index="3"
                        >
                          <img
                            alt=""
                            src="Frame 50.png"
                          />
                          <h3>
                            Edoro Kodi
                          </h3>
                          <p>
                            Product Manager
                          </p>
                        </div>
                        <div
                          class="swiper-slide about_team_slide"
                          data-swiper-slide-index="4"
                        >
                          <img
                            alt=""
                            src="Frame 51.png"
                          />
                          <h3>
                            Zekinat Akinwande
                          </h3>
                          <p>
                            Product Manager
                          </p>
                        </div>
                        <div
                          class="swiper-slide about_team_slide"
                          data-swiper-slide-index="5"
                        >
                          <img
                            alt=""
                            src="Frame 57.png"
                          />
                          <h3>
                            Chidera Udegbunam
                          </h3>
                          <p>
                            Product Manager
                          </p>
                        </div>
                        <div
                          class="swiper-slide about_team_slide"
                          data-swiper-slide-index="6"
                        >
                          <img
                            alt=""
                            src="Frame 58.png"
                          />
                          <h3>
                            Opeyemi Obikoya
                          </h3>
                          <p>
                            Product Manager
                          </p>
                        </div>
                        <div
                          class="swiper-slide about_team_slide"
                          data-swiper-slide-index="7"
                        >
                          <img
                            alt=""
                            src="Frame 59.png"
                          />
                          <h3>
                            Faustina Ngozi
                          </h3>
                          <p>
                            Product Manager
                          </p>
                        </div>
                        <div
                          class="swiper-slide about_team_slide"
                          data-swiper-slide-index="8"
                        >
                          <img
                            alt=""
                            src="Frame 60.png"
                          />
                          <h3>
                            Munirah
                          </h3>
                          <p>
                            Product Manager
                          </p>
                        </div>
                        <div
                          class="swiper-slide about_team_slide"
                          data-swiper-slide-index="9"
                        >
                          <img
                            alt=""
                            src="Frame 61.png"
                          />
                          <h3>
                            Cherem Yvonne
                          </h3>
                          <p>
                            Product Manager
                          </p>
                        </div>
                        <div
                          class="swiper-slide about_team_slide swiper-slide-duplicate"
                          data-swiper-slide-index="0"
                        >
                          <img
                            alt=""
                            src="m1.png"
                          />
                          <h3>
                            Lawal Oluwaseun
                          </h3>
                          <p>
                            Product Manager
                          </p>
                        </div>
                      </div>
                    </div>
                  </div>
                </div>
                <div
                  class="about_team_tab"
                  tabindex="1"
                >
                  <p
                    id="second_slider"
                  >
                    Engineering
                  </p>
                  <div
                    class="about_team_slider"
                    id="second_slider"
                  >
                    <div
                      class="swiper-container swiper-container-initialized swiper-container-horizontal"
                      modules="[object Object],[object Object]"
                      style="--swiper-navigation-size: 25px;"
                    >
                      <div
                        class="swiper-button-prev"
                      />
                      <div
                        class="swiper-button-next"
                      />
                      <div
                        class="swiper-wrapper"
                        style="transition-duration: 0ms; transform: translate3d(NaNpx, 0px, 0px);"
                      >
                        <div
                          class="swiper-slide about_team_slide swiper-slide-duplicate swiper-slide-duplicate-active"
                          data-swiper-slide-index="5"
                        >
                          <img
                            alt=""
                            src="Frame 110.png"
                          />
                          <h3>
                            Dickson Joseph
                          </h3>
                          <p>
                            Back End Developer
                          </p>
                        </div>
                        <div
                          class="swiper-slide about_team_slide swiper-slide-duplicate"
                          data-swiper-slide-index="6"
                        >
                          <img
                            alt=""
                            src="Frame 111.png"
                          />
                          <h3>
                            Sherrif Amzat
                          </h3>
                          <p>
                            Front End Developer
                          </p>
                        </div>
                        <div
                          class="swiper-slide about_team_slide swiper-slide-duplicate"
                          data-swiper-slide-index="7"
                        >
                          <img
                            alt=""
                            src="Frame 112.png"
                          />
                          <h3>
                            Olusegunfunmi Dada
                          </h3>
                          <p>
                            Back End Developer
                          </p>
                        </div>
                        <div
                          class="swiper-slide about_team_slide swiper-slide-duplicate"
                          data-swiper-slide-index="8"
                        >
                          <img
                            alt=""
                            src="Frame 113.png"
                          />
                          <h3>
                            Habeeb Adebimpe
                          </h3>
                          <p>
                            Front End Developer
                          </p>
                        </div>
                        <div
                          class="swiper-slide about_team_slide swiper-slide-duplicate"
                          data-swiper-slide-index="9"
                        >
                          <img
                            alt=""
                            src="Frame 114.png"
                          />
                          <h3>
                            Babajide Akinseye
                          </h3>
                          <p>
                            Front End Developer
                          </p>
                        </div>
                        <div
                          class="swiper-slide about_team_slide"
                          data-swiper-slide-index="0"
                        >
                          <img
                            alt=""
                            src="Frame 47.png"
                          />
                          <h3>
                            Ifeoluwa Oladeni
                          </h3>
                          <p>
                            Front End Developer
                          </p>
                        </div>
                        <div
                          class="swiper-slide about_team_slide"
                          data-swiper-slide-index="1"
                        >
                          <img
                            alt=""
                            src="Frame 48.png"
                          />
                          <h3>
                            Shobola Faruq
                          </h3>
                          <p>
                            Back End Developer
                          </p>
                        </div>
                        <div
                          class="swiper-slide about_team_slide"
                          data-swiper-slide-index="2"
                        >
                          <img
                            alt=""
                            src="Frame 49.png"
                          />
                          <h3>
                            Idris Ife
                          </h3>
                          <p>
                            Front End Developer
                          </p>
                        </div>
                        <div
                          class="swiper-slide about_team_slide"
                          data-swiper-slide-index="3"
                        >
                          <img
                            alt=""
                            src="Frame 50.png"
                          />
                          <h3>
                            Chidimindu Chukwuka
                          </h3>
                          <p>
                            Back End Developer
                          </p>
                        </div>
                        <div
                          class="swiper-slide about_team_slide"
                          data-swiper-slide-index="4"
                        >
                          <img
                            alt=""
                            src="Frame 51.png"
                          />
                          <h3>
                            AbdulMalik Kehinde
                          </h3>
                          <p>
                            Back End Developer
                          </p>
                        </div>
                        <div
                          class="swiper-slide about_team_slide"
                          data-swiper-slide-index="5"
                        >
                          <img
                            alt=""
                            src="Frame 110.png"
                          />
                          <h3>
                            Dickson Joseph
                          </h3>
                          <p>
                            Back End Developer
                          </p>
                        </div>
                        <div
                          class="swiper-slide about_team_slide"
                          data-swiper-slide-index="6"
                        >
                          <img
                            alt=""
                            src="Frame 111.png"
                          />
                          <h3>
                            Sherrif Amzat
                          </h3>
                          <p>
                            Front End Developer
                          </p>
                        </div>
                        <div
                          class="swiper-slide about_team_slide"
                          data-swiper-slide-index="7"
                        >
                          <img
                            alt=""
                            src="Frame 112.png"
                          />
                          <h3>
                            Olusegunfunmi Dada
                          </h3>
                          <p>
                            Back End Developer
                          </p>
                        </div>
                        <div
                          class="swiper-slide about_team_slide"
                          data-swiper-slide-index="8"
                        >
                          <img
                            alt=""
                            src="Frame 113.png"
                          />
                          <h3>
                            Habeeb Adebimpe
                          </h3>
                          <p>
                            Front End Developer
                          </p>
                        </div>
                        <div
                          class="swiper-slide about_team_slide"
                          data-swiper-slide-index="9"
                        >
                          <img
                            alt=""
                            src="Frame 114.png"
                          />
                          <h3>
                            Babajide Akinseye
                          </h3>
                          <p>
                            Front End Developer
                          </p>
                        </div>
                        <div
                          class="swiper-slide about_team_slide swiper-slide-duplicate"
                          data-swiper-slide-index="0"
                        >
                          <img
                            alt=""
                            src="Frame 47.png"
                          />
                          <h3>
                            Ifeoluwa Oladeni
                          </h3>
                          <p>
                            Front End Developer
                          </p>
                        </div>
                        <div
                          class="swiper-slide about_team_slide swiper-slide-duplicate"
                          data-swiper-slide-index="1"
                        >
                          <img
                            alt=""
                            src="Frame 48.png"
                          />
                          <h3>
                            Shobola Faruq
                          </h3>
                          <p>
                            Back End Developer
                          </p>
                        </div>
                        <div
                          class="swiper-slide about_team_slide swiper-slide-duplicate"
                          data-swiper-slide-index="2"
                        >
                          <img
                            alt=""
                            src="Frame 49.png"
                          />
                          <h3>
                            Idris Ife
                          </h3>
                          <p>
                            Front End Developer
                          </p>
                        </div>
                        <div
                          class="swiper-slide about_team_slide swiper-slide-duplicate"
                          data-swiper-slide-index="3"
                        >
                          <img
                            alt=""
                            src="Frame 50.png"
                          />
                          <h3>
                            Chidimindu Chukwuka
                          </h3>
                          <p>
                            Back End Developer
                          </p>
                        </div>
                        <div
                          class="swiper-slide about_team_slide swiper-slide-duplicate"
                          data-swiper-slide-index="4"
                        >
                          <img
                            alt=""
                            src="Frame 51.png"
                          />
                          <h3>
                            AbdulMalik Kehinde
                          </h3>
                          <p>
                            Back End Developer
                          </p>
                        </div>
                      </div>
                    </div>
                  </div>
                </div>
                <div
                  class="about_team_tab"
                  tabindex="2"
                >
                  <p
                    id="third_slider"
                  >
                    Design
                  </p>
                  <div
                    class="about_team_slider"
                    id="third_slider"
                  >
                    <div
                      class="swiper-container swiper-container-initialized swiper-container-horizontal"
                      modules="[object Object],[object Object]"
                      style="--swiper-navigation-size: 25px;"
                    >
                      <div
                        class="swiper-button-prev"
                      />
                      <div
                        class="swiper-button-next"
                      />
                      <div
                        class="swiper-wrapper"
                        style="transition-duration: 0ms; transform: translate3d(NaNpx, 0px, 0px);"
                      >
                        <div
                          class="swiper-slide about_team_slide swiper-slide-duplicate swiper-slide-duplicate-active"
                          data-swiper-slide-index="5"
                        >
                          <img
                            alt=""
                            src="Frame 34706.png"
                          />
                          <h3>
                            Ayansola Oladipupo
                          </h3>
                          <p>
                            UX Designer
                          </p>
                        </div>
                        <div
                          class="swiper-slide about_team_slide swiper-slide-duplicate"
                          data-swiper-slide-index="6"
                        >
                          <img
                            alt=""
                            src="Frame 34708.png"
                          />
                          <h3>
                            Damilola Martins
                          </h3>
                          <p>
                            UX Designer
                          </p>
                        </div>
                        <div
                          class="swiper-slide about_team_slide swiper-slide-duplicate"
                          data-swiper-slide-index="7"
                        >
                          <img
                            alt=""
                            src="Frame 34709.png"
                          />
                          <h3>
                            Noble Ugorgi
                          </h3>
                          <p>
                            UX Designer
                          </p>
                        </div>
                        <div
                          class="swiper-slide about_team_slide swiper-slide-duplicate"
                          data-swiper-slide-index="8"
                        >
                          <img
                            alt=""
                            src="Frame 34710.png"
                          />
                          <h3>
                            Peter Inu Imeh
                          </h3>
                          <p>
                            UX Designer
                          </p>
                        </div>
                        <div
                          class="swiper-slide about_team_slide swiper-slide-duplicate"
                          data-swiper-slide-index="9"
                        >
                          <img
                            alt=""
                            src="Frame 34711.png"
                          />
                          <h3>
                            Freeborn Audrey
                          </h3>
                          <p>
                            UX Designer
                          </p>
                        </div>
                        <div
                          class="swiper-slide about_team_slide"
                          data-swiper-slide-index="0"
                        >
                          <img
                            alt=""
                            src="Frame 72.png"
                          />
                          <h3>
                            Abieyuwa Adeseye
                          </h3>
                          <p>
                            UX Designer
                          </p>
                        </div>
                        <div
                          class="swiper-slide about_team_slide"
                          data-swiper-slide-index="1"
                        >
                          <img
                            alt=""
                            src="Frame 34702.png"
                          />
                          <h3>
                            Daniel Oladahunsi
                          </h3>
                          <p>
                            UX Designer
                          </p>
                        </div>
                        <div
                          class="swiper-slide about_team_slide"
                          data-swiper-slide-index="2"
                        >
                          <img
                            alt=""
                            src="Frame 34703.png"
                          />
                          <h3>
                            Osakwe Daniel
                          </h3>
                          <p>
                            UX Designer
                          </p>
                        </div>
                        <div
                          class="swiper-slide about_team_slide"
                          data-swiper-slide-index="3"
                        >
                          <img
                            alt=""
                            src="Frame 34704.png"
                          />
                          <h3>
                            Praise Ofunmaduike
                          </h3>
                          <p>
                            UX Designer
                          </p>
                        </div>
                        <div
                          class="swiper-slide about_team_slide"
                          data-swiper-slide-index="4"
                        >
                          <img
                            alt=""
                            src="Frame 34705.png"
                          />
                          <h3>
                            Abamba Precios
                          </h3>
                          <p>
                            UX Designer
                          </p>
                        </div>
                        <div
                          class="swiper-slide about_team_slide"
                          data-swiper-slide-index="5"
                        >
                          <img
                            alt=""
                            src="Frame 34706.png"
                          />
                          <h3>
                            Ayansola Oladipupo
                          </h3>
                          <p>
                            UX Designer
                          </p>
                        </div>
                        <div
                          class="swiper-slide about_team_slide"
                          data-swiper-slide-index="6"
                        >
                          <img
                            alt=""
                            src="Frame 34708.png"
                          />
                          <h3>
                            Damilola Martins
                          </h3>
                          <p>
                            UX Designer
                          </p>
                        </div>
                        <div
                          class="swiper-slide about_team_slide"
                          data-swiper-slide-index="7"
                        >
                          <img
                            alt=""
                            src="Frame 34709.png"
                          />
                          <h3>
                            Noble Ugorgi
                          </h3>
                          <p>
                            UX Designer
                          </p>
                        </div>
                        <div
                          class="swiper-slide about_team_slide"
                          data-swiper-slide-index="8"
                        >
                          <img
                            alt=""
                            src="Frame 34710.png"
                          />
                          <h3>
                            Peter Inu Imeh
                          </h3>
                          <p>
                            UX Designer
                          </p>
                        </div>
                        <div
                          class="swiper-slide about_team_slide"
                          data-swiper-slide-index="9"
                        >
                          <img
                            alt=""
                            src="Frame 34711.png"
                          />
                          <h3>
                            Freeborn Audrey
                          </h3>
                          <p>
                            UX Designer
                          </p>
                        </div>
                        <div
                          class="swiper-slide about_team_slide swiper-slide-duplicate"
                          data-swiper-slide-index="0"
                        >
                          <img
                            alt=""
                            src="Frame 72.png"
                          />
                          <h3>
                            Abieyuwa Adeseye
                          </h3>
                          <p>
                            UX Designer
                          </p>
                        </div>
                        <div
                          class="swiper-slide about_team_slide swiper-slide-duplicate"
                          data-swiper-slide-index="1"
                        >
                          <img
                            alt=""
                            src="Frame 34702.png"
                          />
                          <h3>
                            Daniel Oladahunsi
                          </h3>
                          <p>
                            UX Designer
                          </p>
                        </div>
                        <div
                          class="swiper-slide about_team_slide swiper-slide-duplicate"
                          data-swiper-slide-index="2"
                        >
                          <img
                            alt=""
                            src="Frame 34703.png"
                          />
                          <h3>
                            Osakwe Daniel
                          </h3>
                          <p>
                            UX Designer
                          </p>
                        </div>
                        <div
                          class="swiper-slide about_team_slide swiper-slide-duplicate"
                          data-swiper-slide-index="3"
                        >
                          <img
                            alt=""
                            src="Frame 34704.png"
                          />
                          <h3>
                            Praise Ofunmaduike
                          </h3>
                          <p>
                            UX Designer
                          </p>
                        </div>
                        <div
                          class="swiper-slide about_team_slide swiper-slide-duplicate"
                          data-swiper-slide-index="4"
                        >
                          <img
                            alt=""
                            src="Frame 34705.png"
                          />
                          <h3>
                            Abamba Precios
                          </h3>
                          <p>
                            UX Designer
                          </p>
                        </div>
                      </div>
                    </div>
                  </div>
                </div>
                <div
                  class="about_team_tab"
                  tabindex="3"
                >
                  <p
                    id="fourth_slider"
                  >
                    Marketing
                  </p>
                  <div
                    class="about_team_slider"
                    id="fourth_slider"
                  >
                    <div
                      class="swiper-container swiper-container-initialized swiper-container-horizontal"
                      modules="[object Object],[object Object]"
                      style="--swiper-navigation-size: 25px;"
                    >
                      <div
                        class="swiper-button-prev"
                      />
                      <div
                        class="swiper-button-next"
                      />
                      <div
                        class="swiper-wrapper"
                        style="transition-duration: 0ms; transform: translate3d(NaNpx, 0px, 0px);"
                      >
                        <div
                          class="swiper-slide about_team_slide swiper-slide-duplicate"
                          data-swiper-slide-index="0"
                        >
                          <img
                            alt=""
                            src="Frame 34712.png"
                          />
                          <h3>
                            Ogenethega Esikpe
                          </h3>
                          <p>
                            Digital Marketer
                          </p>
                        </div>
                        <div
                          class="swiper-slide about_team_slide swiper-slide-duplicate"
                          data-swiper-slide-index="1"
                        >
                          <img
                            alt=""
                            src="Frame 34713.png"
                          />
                          <h3>
                            Faith Osabutey
                          </h3>
                          <p>
                            Digital Marketer
                          </p>
                        </div>
                        <div
                          class="swiper-slide about_team_slide swiper-slide-duplicate"
                          data-swiper-slide-index="2"
                        >
                          <img
                            alt=""
                            src="Frame 34714.png"
                          />
                          <h3>
                            Solomon Bitrus
                          </h3>
                          <p>
                            Digital Marketer
                          </p>
                        </div>
                        <div
                          class="swiper-slide about_team_slide swiper-slide-duplicate"
                          data-swiper-slide-index="3"
                        >
                          <img
                            alt=""
                            src="Frame 34715.png"
                          />
                          <h3>
                            Adesanya Al Ameen
                          </h3>
                          <p>
                            Digital Marketer
                          </p>
                        </div>
                        <div
                          class="swiper-slide about_team_slide swiper-slide-duplicate"
                          data-swiper-slide-index="4"
                        >
                          <img
                            alt=""
                            src="Frame 34716.png"
                          />
                          <h3>
                            Emmanuel Nwosu
                          </h3>
                          <p>
                            Digital Marketer
                          </p>
                        </div>
                        <div
                          class="swiper-slide about_team_slide"
                          data-swiper-slide-index="0"
                        >
                          <img
                            alt=""
                            src="Frame 34712.png"
                          />
                          <h3>
                            Ogenethega Esikpe
                          </h3>
                          <p>
                            Digital Marketer
                          </p>
                        </div>
                        <div
                          class="swiper-slide about_team_slide"
                          data-swiper-slide-index="1"
                        >
                          <img
                            alt=""
                            src="Frame 34713.png"
                          />
                          <h3>
                            Faith Osabutey
                          </h3>
                          <p>
                            Digital Marketer
                          </p>
                        </div>
                        <div
                          class="swiper-slide about_team_slide"
                          data-swiper-slide-index="2"
                        >
                          <img
                            alt=""
                            src="Frame 34714.png"
                          />
                          <h3>
                            Solomon Bitrus
                          </h3>
                          <p>
                            Digital Marketer
                          </p>
                        </div>
                        <div
                          class="swiper-slide about_team_slide"
                          data-swiper-slide-index="3"
                        >
                          <img
                            alt=""
                            src="Frame 34715.png"
                          />
                          <h3>
                            Adesanya Al Ameen
                          </h3>
                          <p>
                            Digital Marketer
                          </p>
                        </div>
                        <div
                          class="swiper-slide about_team_slide"
                          data-swiper-slide-index="4"
                        >
                          <img
                            alt=""
                            src="Frame 34716.png"
                          />
                          <h3>
                            Emmanuel Nwosu
                          </h3>
                          <p>
                            Digital Marketer
                          </p>
                        </div>
                        <div
                          class="swiper-slide about_team_slide swiper-slide-duplicate"
                          data-swiper-slide-index="0"
                        >
                          <img
                            alt=""
                            src="Frame 34712.png"
                          />
                          <h3>
                            Ogenethega Esikpe
                          </h3>
                          <p>
                            Digital Marketer
                          </p>
                        </div>
                        <div
                          class="swiper-slide about_team_slide swiper-slide-duplicate"
                          data-swiper-slide-index="1"
                        >
                          <img
                            alt=""
                            src="Frame 34713.png"
                          />
                          <h3>
                            Faith Osabutey
                          </h3>
                          <p>
                            Digital Marketer
                          </p>
                        </div>
                        <div
                          class="swiper-slide about_team_slide swiper-slide-duplicate"
                          data-swiper-slide-index="2"
                        >
                          <img
                            alt=""
                            src="Frame 34714.png"
                          />
                          <h3>
                            Solomon Bitrus
                          </h3>
                          <p>
                            Digital Marketer
                          </p>
                        </div>
                        <div
                          class="swiper-slide about_team_slide swiper-slide-duplicate"
                          data-swiper-slide-index="3"
                        >
                          <img
                            alt=""
                            src="Frame 34715.png"
                          />
                          <h3>
                            Adesanya Al Ameen
                          </h3>
                          <p>
                            Digital Marketer
                          </p>
                        </div>
                        <div
                          class="swiper-slide about_team_slide swiper-slide-duplicate"
                          data-swiper-slide-index="4"
                        >
                          <img
                            alt=""
                            src="Frame 34716.png"
                          />
                          <h3>
                            Emmanuel Nwosu
                          </h3>
                          <p>
                            Digital Marketer
                          </p>
                        </div>
                      </div>
                    </div>
                  </div>
                </div>
              </div>
            </div>
          </div>
          <div
            class="about_build"
          >
            <div
              class="about_build_box"
            >
              <h3>
                Let’s build the future of podcasting 
                <br />
                 together
              </h3>
              <a
                href="/"
              >
                <button>
                  Try for free now
                </button>
              </a>
            </div>
          </div>
        </div>
      </div>
    </div>
    <div />
  </div>
</DocumentFragment>
`;
